../Core/Src/usart.c:33:6:ring_buffer_setup	24	static
../Core/Src/usart.c:41:9:USART_kbhit	4	static
../Core/Src/usart.c:49:9:USART_getchar	16	static
../Core/Src/usart.c:58:9:USART_getline	24	static
../Core/Src/usart.c:83:6:USART_send	24	static,ignoring_inline_asm
../Core/Src/usart.c:118:6:USART_fsend	152	static,ignoring_inline_asm
../Core/Src/usart.c:147:6:HAL_UART_TxCpltCallback	24	static
../Core/Src/usart.c:157:6:HAL_UART_RxCpltCallback	16	static
../Core/Src/usart.c:172:6:MX_USART2_UART_Init	8	static
../Core/Src/usart.c:204:6:HAL_UART_MspInit	184	static
../Core/Src/usart.c:248:6:HAL_UART_MspDeInit	16	static
